// Jest Snapshot v1, https://goo.gl/fbAQLP

exports[`categories reducer should return comments 1`] = `Array []`;
